C51 COMPILER V9.60.7.0   FUN_INFO                                                          06/05/2024 13:36:14 PAGE 1   


C51 COMPILER V9.60.7.0, COMPILATION OF MODULE FUN_INFO
OBJECT MODULE PLACED IN .\Release\Objects\fun_info.obj
COMPILER INVOKED BY: C:\Keil_v5\C51\BIN\C51.EXE ..\..\User\fun_info.c LARGE OPTIMIZE(8,SIZE) BROWSE INTVECTOR(0X000C) IN
                    -CDIR(..\..\Libraries\Include;..\..\User;..\..\User\lib;..\..\Hardware) INTERVAL(3) DEBUG OBJECTEXTEND PRINT(.\Release\Li
                    -stings\fun_info.lst) TABS(2) OBJECT(.\Release\Objects\fun_info.obj)

line level    source

   1          #include "fun_info.h" 
   2          
   3          volatile fun_info_t fun_info = {0}; // 存放所有功能状态的结构体变量
   4          


MODULE INFORMATION:   STATIC OVERLAYABLE
   CODE SIZE        =   ----    ----
   CONSTANT SIZE    =   ----    ----
   XDATA SIZE       =     16    ----
   PDATA SIZE       =   ----    ----
   DATA SIZE        =   ----    ----
   IDATA SIZE       =   ----    ----
   BIT SIZE         =   ----    ----
END OF MODULE INFORMATION.


C51 COMPILATION COMPLETE.  0 WARNING(S),  0 ERROR(S)
